// Vitest Snapshot v1

exports[`GET /api/entry/* > 個別の記事を返す 1`] = `
"<header class=\\"entry-header\\">
  <div class=\\"date entry-date first\\">
    <a href=\\"\\" rel=\\"nofollow\\">
      <time datetime=\\"Fri Dec 31 2021 00:32:03 GMT+0900 (Japan Standard Time)\\" title=\\"Fri Dec 31 2021 00:32:03 GMT+0900 (Japan Standard Time)\\">
        <span class=\\"date-year\\">2021</span>
        <span class=\\"hyphen\\">-</span>
        <span class=\\"date-month\\">12</span>
        <span class=\\"hyphen\\">-</span>
        <span class=\\"date-day\\">31</span>
      </time>
    </a>
  </div>
  <h1 class=\\"entry-title\\">
    <a href=\\"\\" class=\\"entry-title-link bookmark\\">エントリ1</a>
  </h1>
  <div class=\\"entry-categories categories\\">
    <a href=\\"\\" class=\\"entry-category-link category-カテゴリ1\\">カテゴリ1</a>
  </div>
</header>
<p><div class=\\"table-of-contents\\"><ul><li><ul><li><a href=\\"#%E6%AE%B5%E8%90%BD\\">段落</a></li><li><a href=\\"#%E7%94%BB%E5%83%8F%EF%BC%88%E3%81%AF%E3%81%A6%E3%81%AA%E3%83%95%E3%82%A9%E3%83%88%E3%83%A9%E3%82%A4%E3%83%95%EF%BC%89\\">画像（はてなフォトライフ）</a></li><li><a href=\\"#%E8%84%9A%E6%B3%A8\\">脚注</a></li><li><a href=\\"#%E7%B6%9A%E3%81%8D%E3%82%92%E8%AA%AD%E3%82%80\\">続きを読む</a></li><li><a href=\\"#%E7%BD%AB%E7%B7%9A\\">罫線</a></li></ul></li><li><a href=\\"#h1-%E8%A6%8B%E5%87%BA%E3%81%97\\">h1 見出し</a><ul><li><a href=\\"#h2-%E8%A6%8B%E5%87%BA%E3%81%97\\">h2 見出し</a><ul><li><a href=\\"#h3-%E8%A6%8B%E5%87%BA%E3%81%97\\">h3 見出し</a><ul><li><a href=\\"#h4-%E8%A6%8B%E5%87%BA%E3%81%97\\">h4 見出し</a><ul><li><a href=\\"#h5-%E8%A6%8B%E5%87%BA%E3%81%97\\">h5 見出し</a><ul><li><a href=\\"#h6-%E8%A6%8B%E5%87%BA%E3%81%97\\">h6 見出し</a></li></ul></li></ul></li></ul></li></ul></li><li><a href=\\"#asin\\">asin</a></li><li><a href=\\"#%E5%BC%95%E7%94%A8\\">引用</a></li><li><a href=\\"#%E3%83%AA%E3%82%B9%E3%83%88%EF%BC%88ul%2Col%2Cdl%EF%BC%89\\">リスト（ul,ol,dl）</a></li><li><a href=\\"#%E3%83%86%E3%83%BC%E3%83%96%E3%83%AB\\">テーブル</a></li><li><a href=\\"#%E3%82%B3%E3%83%BC%E3%83%89%E3%83%96%E3%83%AD%E3%83%83%E3%82%AF\\">コードブロック</a></li><li><a href=\\"#%E3%83%84%E3%82%A4%E3%83%BC%E3%83%88%E5%9F%8B%E3%82%81%E8%BE%BC%E3%81%BF\\">ツイート埋め込み</a></li><li><a href=\\"#web-%E3%82%B5%E3%82%A4%E3%83%88%E5%9F%8B%E3%82%81%E8%BE%BC%E3%81%BF\\">Web サイト埋め込み</a></li><li><a href=\\"#youtube-%E5%9F%8B%E3%82%81%E8%BE%BC%E3%81%BF\\">YouTube 埋め込み</a></li></ul></li></ul></div></p>
<h2 id=\\"%E6%AE%B5%E8%90%BD\\" tabindex=\\"-1\\">段落</h2>
<p>あのイーハトヴォのすきとおった風、夏でも底に冷たさをもつ青いそら、うつくしい森で飾られたモーリオ市、郊外のぎらぎら光る草の波。</p>
<p>あのイーハトヴォのすきとおった風、夏でも底に冷たさをもつ青いそら、うつくしい森で飾られたモーリオ市、郊外のぎらぎら光る草の波。</p>
<h2 id=\\"%E7%94%BB%E5%83%8F%EF%BC%88%E3%81%AF%E3%81%A6%E3%81%AA%E3%83%95%E3%82%A9%E3%83%88%E3%83%A9%E3%82%A4%E3%83%95%EF%BC%89\\" tabindex=\\"-1\\">画像（はてなフォトライフ）</h2>
<p><img src=\\"https://cdn-ak.f.st-hatena.com/images/fotolife/h/hatenablog/20101106/20101106100658.jpg\\" alt=\\"\\"></p>
<p>あのイーハトヴォのすきとおった風、夏でも底に冷たさをもつ青いそら、うつくしい森で飾られたモーリオ市、郊外のぎらぎら光る草の波。</p>
<h2 id=\\"%E8%84%9A%E6%B3%A8\\" tabindex=\\"-1\\">脚注</h2>
<p>あのイーハトヴォのすきとおった風、夏でも底に冷たさをもつ青いそら、うつくしい森で飾られたモーリオ市、郊外のぎらぎら光る草の波。((ここに脚注を書きます))</p>
<h2 id=\\"%E7%B6%9A%E3%81%8D%E3%82%92%E8%AA%AD%E3%82%80\\" tabindex=\\"-1\\">続きを読む</h2>
<p>※トップページでのみ表示されます。記事ページでは表示されません。</p>
<!-- more -->
<h2 id=\\"%E7%BD%AB%E7%B7%9A\\" tabindex=\\"-1\\">罫線</h2>
<hr>
<h1 id=\\"h1-%E8%A6%8B%E5%87%BA%E3%81%97\\" tabindex=\\"-1\\">h1 見出し</h1>
<p>あのイーハトヴォのすきとおった風、夏でも底に冷たさをもつ青いそら、うつくしい森で飾られたモーリオ市、郊外のぎらぎら光る草の波。<br>
ABCDEFGHIJKLMabcdefghijklm1234567890</p>
<h2 id=\\"h2-%E8%A6%8B%E5%87%BA%E3%81%97\\" tabindex=\\"-1\\">h2 見出し</h2>
<p>あのイーハトヴォのすきとおった風、夏でも底に冷たさをもつ青いそら、うつくしい森で飾られたモーリオ市、郊外のぎらぎら光る草の波。<br>
ABCDEFGHIJKLMabcdefghijklm1234567890</p>
<h3 id=\\"h3-%E8%A6%8B%E5%87%BA%E3%81%97\\" tabindex=\\"-1\\">h3 見出し</h3>
<p>あのイーハトヴォのすきとおった風、夏でも底に冷たさをもつ青いそら、うつくしい森で飾られたモーリオ市、郊外のぎらぎら光る草の波。<br>
ABCDEFGHIJKLMabcdefghijklm1234567890</p>
<h4 id=\\"h4-%E8%A6%8B%E5%87%BA%E3%81%97\\" tabindex=\\"-1\\">h4 見出し</h4>
<p>あのイーハトヴォのすきとおった風、夏でも底に冷たさをもつ青いそら、うつくしい森で飾られたモーリオ市、郊外のぎらぎら光る草の波。<br>
ABCDEFGHIJKLMabcdefghijklm1234567890</p>
<h5 id=\\"h5-%E8%A6%8B%E5%87%BA%E3%81%97\\" tabindex=\\"-1\\">h5 見出し</h5>
<p>あのイーハトヴォのすきとおった風、夏でも底に冷たさをもつ青いそら、うつくしい森で飾られたモーリオ市、郊外のぎらぎら光る草の波。<br>
ABCDEFGHIJKLMabcdefghijklm1234567890</p>
<h6 id=\\"h6-%E8%A6%8B%E5%87%BA%E3%81%97\\" tabindex=\\"-1\\">h6 見出し</h6>
<p>あのイーハトヴォのすきとおった風、夏でも底に冷たさをもつ青いそら、うつくしい森で飾られたモーリオ市、郊外のぎらぎら光る草の波。<br>
ABCDEFGHIJKLMabcdefghijklm1234567890</p>
<h2 id=\\"asin\\" tabindex=\\"-1\\">asin</h2>
<p>あのイーハトヴォのすきとおった風、夏でも底に冷たさをもつ青いそら、うつくしい森で飾られたモーリオ市、郊外のぎらぎら光る草の波。</p>
<p>[asin:4798110523:detail]</p>
<p>あのイーハトヴォのすきとおった風、夏でも底に冷たさをもつ青いそら、うつくしい森で飾られたモーリオ市、郊外のぎらぎら光る草の波。</p>
<h2 id=\\"%E5%BC%95%E7%94%A8\\" tabindex=\\"-1\\">引用</h2>
<blockquote>
<p>本日（11 月 12 日）から 11 月 27 日まで、はてなダイアリーの公開デザインコンテスト「公開デザイン祭 2007 秋」を開催します。</p>
<p><cite><a href=\\"http://d.hatena.ne.jp/hatenadiary/20071112/1194858362\\">「公開デザイン祭 2007 秋」を開始しました - はてなダイアリー日記</a></cite></p>
</blockquote>
<h2 id=\\"%E3%83%AA%E3%82%B9%E3%83%88%EF%BC%88ul%2Col%2Cdl%EF%BC%89\\" tabindex=\\"-1\\">リスト（ul,ol,dl）</h2>
<p>あのイーハトヴォのすきとおった風、夏でも底に冷たさをもつ青いそら、うつくしい森で飾られたモーリオ市、郊外のぎらぎら光る草の波。</p>
<ul>
<li>大賞 1 名：Amazon ギフト券 5 万円分</li>
<li>入選 9 名：Amazon ギフト券 1 万円分
<ul>
<li>大賞 1 名：Amazon ギフト券 5 万円分</li>
<li>入選 9 名：Amazon ギフト券 1 万円分</li>
</ul>
</li>
</ul>
<p>あのイーハトヴォのすきとおった風、夏でも底に冷たさをもつ青いそら、うつくしい森で飾られたモーリオ市、郊外のぎらぎら光る草の波。</p>
<ol>
<li>大賞 1 名：Amazon ギフト券 5 万円分</li>
<li>入選 9 名：Amazon ギフト券 1 万円分
<ol>
<li>大賞 1 名：Amazon ギフト券 5 万円分</li>
<li>入選 9 名：Amazon ギフト券 1 万円分</li>
</ol>
</li>
</ol>
<p>あのイーハトヴォのすきとおった風、夏でも底に冷たさをもつ青いそら、うつくしい森で飾られたモーリオ市、郊外のぎらぎら光る草の波。</p>
<dl>
<dt>大賞1名</dt>
<dd>Amazonギフト券5万円分</dd>
<dt>入選9名</dt>
<dd>Amazonギフト券1万円分</dd>
</dl>
<h2 id=\\"%E3%83%86%E3%83%BC%E3%83%96%E3%83%AB\\" tabindex=\\"-1\\">テーブル</h2>
<p>あのイーハトヴォのすきとおった風、夏でも底に冷たさをもつ青いそら、うつくしい森で飾られたモーリオ市、郊外のぎらぎら光る草の波。</p>
<table>
<thead>
<tr>
<th>名前</th>
<th>色</th>
<th>個数</th>
</tr>
</thead>
<tbody>
<tr>
<td>りんご</td>
<td>赤</td>
<td>1</td>
</tr>
<tr>
<td>みかん</td>
<td>だいだい</td>
<td>2</td>
</tr>
</tbody>
</table>
<p>あのイーハトヴォのすきとおった風、夏でも底に冷たさをもつ青いそら、うつくしい森で飾られたモーリオ市、郊外のぎらぎら光る草の波。</p>
<h2 id=\\"%E3%82%B3%E3%83%BC%E3%83%89%E3%83%96%E3%83%AD%E3%83%83%E3%82%AF\\" tabindex=\\"-1\\">コードブロック</h2>
<pre><code class=\\"language-css\\">.XXX {
  width: 999px;
  height: 999px;
}

.propA,
.propB,
.propC {
  width: 999px;
  height: 999px;
}

#YYY {
  width: 9px;
  height: 999px;
}
</code></pre>
<h2 id=\\"%E3%83%84%E3%82%A4%E3%83%BC%E3%83%88%E5%9F%8B%E3%82%81%E8%BE%BC%E3%81%BF\\" tabindex=\\"-1\\">ツイート埋め込み</h2>
<p><blockquote class=\\"twitter-tweet\\"><a href=\\"https://twitter.com/mkizka/status/1304351939207913472\\"></a></blockquote></p>
<h2 id=\\"web-%E3%82%B5%E3%82%A4%E3%83%88%E5%9F%8B%E3%82%81%E8%BE%BC%E3%81%BF\\" tabindex=\\"-1\\">Web サイト埋め込み</h2>
<p><iframe src=\\"https://hatenablog-parts.com/embed?url=https%3A%2F%2Fgithub.com%2F\\" scrolling=\\"no\\" frameborder=\\"0\\" style=\\"display: block; width: 100%; height: 155px; max-width: 500px; margin: 10px 0px;\\" ></iframe><cite class=\\"hatena-citation\\"> <a href=\\"https://github.com/\\">github.com</a> </cite></p>
<h2 id=\\"youtube-%E5%9F%8B%E3%82%81%E8%BE%BC%E3%81%BF\\" tabindex=\\"-1\\">YouTube 埋め込み</h2>
<p><iframe width=\\"560\\" height=\\"315\\" src=\\"https://www.youtube.com/embed/Hw5IcV3xzwY\\" frameborder=\\"0\\" allow=\\"accelerometer; autoplay; clipboard-write; encrypted-media; gyroscope; picture-in-picture\\" allowfullscreen></iframe></p>
"
`;
